

================================================================
== Vivado HLS Report for 'VMRouter'
================================================================
* Date:           Mon Jul 10 14:49:50 2017

* Version:        2016.1 (Build 1538259 on Fri Apr 08 16:12:49 MDT 2016)
* Project:        VMRouter_prj2
* Solution:       solution2
* Product family: virtex7
* Target device:  xc7vx690tffg1158-1


================================================================
== Performance Estimates
================================================================
+ Timing (ns): 
    * Summary: 
    +--------+-------+----------+------------+
    |  Clock | Target| Estimated| Uncertainty|
    +--------+-------+----------+------------+
    |ap_clk  |   2.00|      2.39|        0.25|
    +--------+-------+----------+------------+

+ Latency (clock cycles): 
    * Summary: 
    +-----+-----+-----+-----+---------+
    |  Latency  |  Interval | Pipeline|
    | min | max | min | max |   Type  |
    +-----+-----+-----+-----+---------+
    |  129|  321|  130|  322|   none  |
    +-----+-----+-----+-----+---------+

    + Detail: 
        * Instance: 
        N/A

        * Loop: 
        +----------+-----+-----+----------+-----------+-----------+------+----------+
        |          |  Latency  | Iteration|  Initiation Interval  | Trip |          |
        | Loop Name| min | max |  Latency |  achieved |   target  | Count| Pipelined|
        +----------+-----+-----+----------+-----------+-----------+------+----------+
        |- Loop 1  |  128|  320|   2 ~ 5  |          -|          -|    64|    no    |
        +----------+-----+-----+----------+-----------+-----------+------+----------+



================================================================
== Utilization Estimates
================================================================
* Summary: 
+-----------------+---------+-------+--------+--------+
|       Name      | BRAM_18K| DSP48E|   FF   |   LUT  |
+-----------------+---------+-------+--------+--------+
|DSP              |        -|      -|       -|       -|
|Expression       |        -|      -|       0|      75|
|FIFO             |        -|      -|       -|       -|
|Instance         |        -|      -|       -|       -|
|Memory           |        -|      -|       -|       -|
|Multiplexer      |        -|      -|       -|      62|
|Register         |        -|      -|     184|       -|
+-----------------+---------+-------+--------+--------+
|Total            |        0|      0|     184|     137|
+-----------------+---------+-------+--------+--------+
|Available        |     2940|   3600|  866400|  433200|
+-----------------+---------+-------+--------+--------+
|Utilization (%)  |        0|      0|   ~0   |   ~0   |
+-----------------+---------+-------+--------+--------+

+ Detail: 
    * Instance: 
    N/A

    * DSP48: 
    N/A

    * Memory: 
    N/A

    * FIFO: 
    N/A

    * Expression: 
    +---------------------+----------+-------+---+----+------------+------------+
    |    Variable Name    | Operation| DSP48E| FF| LUT| Bitwidth P0| Bitwidth P1|
    +---------------------+----------+-------+---+----+------------+------------+
    |i_1_fu_990_p2        |     +    |      0|  0|   7|           7|           1|
    |index_V_fu_1241_p2   |     +    |      0|  0|   6|           6|           1|
    |nPH1Z1_V_fu_1127_p2  |     +    |      0|  0|   6|           6|           1|
    |nPH1Z2_V_fu_1203_p2  |     +    |      0|  0|   6|           6|           1|
    |nPH2Z1_V_fu_1108_p2  |     +    |      0|  0|   6|           6|           1|
    |nPH2Z2_V_fu_1184_p2  |     +    |      0|  0|   6|           6|           1|
    |nPH3Z1_V_fu_1089_p2  |     +    |      0|  0|   6|           6|           1|
    |nPH3Z2_V_fu_1165_p2  |     +    |      0|  0|   6|           6|           1|
    |nPH4Z1_V_fu_1070_p2  |     +    |      0|  0|   6|           6|           1|
    |nPH4Z2_V_fu_1146_p2  |     +    |      0|  0|   6|           6|           1|
    |exitcond_fu_984_p2   |   icmp   |      0|  0|   3|           7|           8|
    |tmp_fu_996_p2        |   icmp   |      0|  0|  11|          32|          32|
    +---------------------+----------+-------+---+----+------------+------------+
    |Total                |          |      0|  0|  75|         100|          50|
    +---------------------+----------+-------+---+----+------------+------------+

    * Multiplexer: 
    +--------------------------+----+-----------+-----+-----------+
    |           Name           | LUT| Input Size| Bits| Total Bits|
    +--------------------------+----+-----------+-----+-----------+
    |ap_NS_fsm                 |   1|          7|    1|          7|
    |i_reg_913                 |   7|          2|    7|         14|
    |nPH1Z1_V_1_fu_206         |   6|          2|    6|         12|
    |nPH1Z2_V_1_fu_190         |   6|          2|    6|         12|
    |nPH2Z1_V_1_fu_202         |   6|          2|    6|         12|
    |nPH2Z2_V_1_fu_186         |   6|          2|    6|         12|
    |nPH3Z1_V_1_fu_198         |   6|          2|    6|         12|
    |nPH3Z2_V_1_fu_182         |   6|          2|    6|         12|
    |nPH4Z1_V_1_fu_194         |   6|          2|    6|         12|
    |nPH4Z2_V_1_fu_178         |   6|          2|    6|         12|
    |op2_V_read_assign_fu_210  |   6|          2|    6|         12|
    +--------------------------+----+-----------+-----+-----------+
    |Total                     |  62|         27|   62|        129|
    +--------------------------+----+-----------+-----+-----------+

    * Register: 
    +--------------------------+----+----+-----+-----------+
    |           Name           | FF | LUT| Bits| Const Bits|
    +--------------------------+----+----+-----+-----------+
    |ap_CS_fsm                 |   6|   0|    6|          0|
    |i_1_reg_1322              |   7|   0|    7|          0|
    |i_reg_913                 |   7|   0|    7|          0|
    |index_V_reg_1472          |   6|   0|    6|          0|
    |nPH1Z1_V_1_fu_206         |   6|   0|    6|          0|
    |nPH1Z1_V_reg_1447         |   6|   0|    6|          0|
    |nPH1Z2_V_1_fu_190         |   6|   0|    6|          0|
    |nPH1Z2_V_reg_1467         |   6|   0|    6|          0|
    |nPH2Z1_V_1_fu_202         |   6|   0|    6|          0|
    |nPH2Z1_V_reg_1442         |   6|   0|    6|          0|
    |nPH2Z2_V_1_fu_186         |   6|   0|    6|          0|
    |nPH2Z2_V_reg_1462         |   6|   0|    6|          0|
    |nPH3Z1_V_1_fu_198         |   6|   0|    6|          0|
    |nPH3Z1_V_reg_1437         |   6|   0|    6|          0|
    |nPH3Z2_V_1_fu_182         |   6|   0|    6|          0|
    |nPH3Z2_V_reg_1457         |   6|   0|    6|          0|
    |nPH4Z1_V_1_fu_194         |   6|   0|    6|          0|
    |nPH4Z1_V_reg_1432         |   6|   0|    6|          0|
    |nPH4Z2_V_1_fu_178         |   6|   0|    6|          0|
    |nPH4Z2_V_reg_1452         |   6|   0|    6|          0|
    |op2_V_read_assign_fu_210  |   6|   0|    6|          0|
    |p_Result_1_reg_1400       |   3|   0|    3|          0|
    |p_Result_2_reg_1412       |   2|   0|    2|          0|
    |p_Result_3_reg_1424       |   2|   0|    2|          0|
    |p_Result_s_reg_1388       |   4|   0|    4|          0|
    |p_Val2_1_reg_1365         |  14|   0|   14|          0|
    |p_Val2_2_reg_1370         |   7|   0|    7|          0|
    |p_Val2_s_reg_1360         |  12|   0|   12|          0|
    |redPt_V_reg_1375          |   3|   0|    3|          0|
    |routeZ_V_reg_1428         |   1|   0|    1|          0|
    |tmp_1_reg_1331            |   7|   0|   64|         57|
    |tmp_reg_1327              |   1|   0|    1|          0|
    +--------------------------+----+----+-----+-----------+
    |Total                     | 184|   0|  241|         57|
    +--------------------------+----+----+-----+-----------+



================================================================
== Interface
================================================================
* Summary: 
+-------------------------------+-----+-----+------------+----------------------+--------------+
|           RTL Ports           | Dir | Bits|  Protocol  |     Source Object    |    C Type    |
+-------------------------------+-----+-----+------------+----------------------+--------------+
|ap_clk                         |  in |    1| ap_ctrl_hs |       VMRouter       | return value |
|ap_rst                         |  in |    1| ap_ctrl_hs |       VMRouter       | return value |
|ap_start                       |  in |    1| ap_ctrl_hs |       VMRouter       | return value |
|ap_done                        | out |    1| ap_ctrl_hs |       VMRouter       | return value |
|ap_idle                        | out |    1| ap_ctrl_hs |       VMRouter       | return value |
|ap_ready                       | out |    1| ap_ctrl_hs |       VMRouter       | return value |
|stubsInLayer_z_V_address0      | out |    6|  ap_memory |   stubsInLayer_z_V   |     array    |
|stubsInLayer_z_V_ce0           | out |    1|  ap_memory |   stubsInLayer_z_V   |     array    |
|stubsInLayer_z_V_q0            |  in |   12|  ap_memory |   stubsInLayer_z_V   |     array    |
|stubsInLayer_phi_V_address0    | out |    6|  ap_memory |  stubsInLayer_phi_V  |     array    |
|stubsInLayer_phi_V_ce0         | out |    1|  ap_memory |  stubsInLayer_phi_V  |     array    |
|stubsInLayer_phi_V_q0          |  in |   14|  ap_memory |  stubsInLayer_phi_V  |     array    |
|stubsInLayer_r_V_address0      | out |    6|  ap_memory |   stubsInLayer_r_V   |     array    |
|stubsInLayer_r_V_ce0           | out |    1|  ap_memory |   stubsInLayer_r_V   |     array    |
|stubsInLayer_r_V_q0            |  in |    7|  ap_memory |   stubsInLayer_r_V   |     array    |
|stubsInLayer_pt_V_address0     | out |    6|  ap_memory |   stubsInLayer_pt_V  |     array    |
|stubsInLayer_pt_V_ce0          | out |    1|  ap_memory |   stubsInLayer_pt_V  |     array    |
|stubsInLayer_pt_V_q0           |  in |    3|  ap_memory |   stubsInLayer_pt_V  |     array    |
|stubsInLayer_real_address0     | out |    6|  ap_memory |   stubsInLayer_real  |     array    |
|stubsInLayer_real_ce0          | out |    1|  ap_memory |   stubsInLayer_real  |     array    |
|stubsInLayer_real_we0          | out |    1|  ap_memory |   stubsInLayer_real  |     array    |
|stubsInLayer_real_d0           | out |    1|  ap_memory |   stubsInLayer_real  |     array    |
|stubsInLayer_real_q0           |  in |    1|  ap_memory |   stubsInLayer_real  |     array    |
|stubsInLayer_real_address1     | out |    6|  ap_memory |   stubsInLayer_real  |     array    |
|stubsInLayer_real_ce1          | out |    1|  ap_memory |   stubsInLayer_real  |     array    |
|stubsInLayer_real_we1          | out |    1|  ap_memory |   stubsInLayer_real  |     array    |
|stubsInLayer_real_d1           | out |    1|  ap_memory |   stubsInLayer_real  |     array    |
|stubsInLayer_real_q1           |  in |    1|  ap_memory |   stubsInLayer_real  |     array    |
|allStubs_z_V_address0          | out |    6|  ap_memory |     allStubs_z_V     |     array    |
|allStubs_z_V_ce0               | out |    1|  ap_memory |     allStubs_z_V     |     array    |
|allStubs_z_V_we0               | out |    1|  ap_memory |     allStubs_z_V     |     array    |
|allStubs_z_V_d0                | out |   12|  ap_memory |     allStubs_z_V     |     array    |
|allStubs_phi_V_address0        | out |    6|  ap_memory |    allStubs_phi_V    |     array    |
|allStubs_phi_V_ce0             | out |    1|  ap_memory |    allStubs_phi_V    |     array    |
|allStubs_phi_V_we0             | out |    1|  ap_memory |    allStubs_phi_V    |     array    |
|allStubs_phi_V_d0              | out |   14|  ap_memory |    allStubs_phi_V    |     array    |
|allStubs_r_V_address0          | out |    6|  ap_memory |     allStubs_r_V     |     array    |
|allStubs_r_V_ce0               | out |    1|  ap_memory |     allStubs_r_V     |     array    |
|allStubs_r_V_we0               | out |    1|  ap_memory |     allStubs_r_V     |     array    |
|allStubs_r_V_d0                | out |    7|  ap_memory |     allStubs_r_V     |     array    |
|allStubs_pt_V_address0         | out |    6|  ap_memory |     allStubs_pt_V    |     array    |
|allStubs_pt_V_ce0              | out |    1|  ap_memory |     allStubs_pt_V    |     array    |
|allStubs_pt_V_we0              | out |    1|  ap_memory |     allStubs_pt_V    |     array    |
|allStubs_pt_V_d0               | out |    3|  ap_memory |     allStubs_pt_V    |     array    |
|allStubs_real_address0         | out |    6|  ap_memory |     allStubs_real    |     array    |
|allStubs_real_ce0              | out |    1|  ap_memory |     allStubs_real    |     array    |
|allStubs_real_we0              | out |    1|  ap_memory |     allStubs_real    |     array    |
|allStubs_real_d0               | out |    1|  ap_memory |     allStubs_real    |     array    |
|vmStubsPH1Z1_z_V_address0      | out |    6|  ap_memory |   vmStubsPH1Z1_z_V   |     array    |
|vmStubsPH1Z1_z_V_ce0           | out |    1|  ap_memory |   vmStubsPH1Z1_z_V   |     array    |
|vmStubsPH1Z1_z_V_we0           | out |    1|  ap_memory |   vmStubsPH1Z1_z_V   |     array    |
|vmStubsPH1Z1_z_V_d0            | out |    4|  ap_memory |   vmStubsPH1Z1_z_V   |     array    |
|vmStubsPH1Z1_phi_V_address0    | out |    6|  ap_memory |  vmStubsPH1Z1_phi_V  |     array    |
|vmStubsPH1Z1_phi_V_ce0         | out |    1|  ap_memory |  vmStubsPH1Z1_phi_V  |     array    |
|vmStubsPH1Z1_phi_V_we0         | out |    1|  ap_memory |  vmStubsPH1Z1_phi_V  |     array    |
|vmStubsPH1Z1_phi_V_d0          | out |    3|  ap_memory |  vmStubsPH1Z1_phi_V  |     array    |
|vmStubsPH1Z1_r_V_address0      | out |    6|  ap_memory |   vmStubsPH1Z1_r_V   |     array    |
|vmStubsPH1Z1_r_V_ce0           | out |    1|  ap_memory |   vmStubsPH1Z1_r_V   |     array    |
|vmStubsPH1Z1_r_V_we0           | out |    1|  ap_memory |   vmStubsPH1Z1_r_V   |     array    |
|vmStubsPH1Z1_r_V_d0            | out |    2|  ap_memory |   vmStubsPH1Z1_r_V   |     array    |
|vmStubsPH1Z1_pt_V_address0     | out |    6|  ap_memory |   vmStubsPH1Z1_pt_V  |     array    |
|vmStubsPH1Z1_pt_V_ce0          | out |    1|  ap_memory |   vmStubsPH1Z1_pt_V  |     array    |
|vmStubsPH1Z1_pt_V_we0          | out |    1|  ap_memory |   vmStubsPH1Z1_pt_V  |     array    |
|vmStubsPH1Z1_pt_V_d0           | out |    3|  ap_memory |   vmStubsPH1Z1_pt_V  |     array    |
|vmStubsPH1Z1_index_V_address0  | out |    6|  ap_memory | vmStubsPH1Z1_index_V |     array    |
|vmStubsPH1Z1_index_V_ce0       | out |    1|  ap_memory | vmStubsPH1Z1_index_V |     array    |
|vmStubsPH1Z1_index_V_we0       | out |    1|  ap_memory | vmStubsPH1Z1_index_V |     array    |
|vmStubsPH1Z1_index_V_d0        | out |    6|  ap_memory | vmStubsPH1Z1_index_V |     array    |
|vmStubsPH1Z1_real_address0     | out |    6|  ap_memory |   vmStubsPH1Z1_real  |     array    |
|vmStubsPH1Z1_real_ce0          | out |    1|  ap_memory |   vmStubsPH1Z1_real  |     array    |
|vmStubsPH1Z1_real_we0          | out |    1|  ap_memory |   vmStubsPH1Z1_real  |     array    |
|vmStubsPH1Z1_real_d0           | out |    1|  ap_memory |   vmStubsPH1Z1_real  |     array    |
|vmStubsPH2Z1_z_V_address0      | out |    6|  ap_memory |   vmStubsPH2Z1_z_V   |     array    |
|vmStubsPH2Z1_z_V_ce0           | out |    1|  ap_memory |   vmStubsPH2Z1_z_V   |     array    |
|vmStubsPH2Z1_z_V_we0           | out |    1|  ap_memory |   vmStubsPH2Z1_z_V   |     array    |
|vmStubsPH2Z1_z_V_d0            | out |    4|  ap_memory |   vmStubsPH2Z1_z_V   |     array    |
|vmStubsPH2Z1_phi_V_address0    | out |    6|  ap_memory |  vmStubsPH2Z1_phi_V  |     array    |
|vmStubsPH2Z1_phi_V_ce0         | out |    1|  ap_memory |  vmStubsPH2Z1_phi_V  |     array    |
|vmStubsPH2Z1_phi_V_we0         | out |    1|  ap_memory |  vmStubsPH2Z1_phi_V  |     array    |
|vmStubsPH2Z1_phi_V_d0          | out |    3|  ap_memory |  vmStubsPH2Z1_phi_V  |     array    |
|vmStubsPH2Z1_r_V_address0      | out |    6|  ap_memory |   vmStubsPH2Z1_r_V   |     array    |
|vmStubsPH2Z1_r_V_ce0           | out |    1|  ap_memory |   vmStubsPH2Z1_r_V   |     array    |
|vmStubsPH2Z1_r_V_we0           | out |    1|  ap_memory |   vmStubsPH2Z1_r_V   |     array    |
|vmStubsPH2Z1_r_V_d0            | out |    2|  ap_memory |   vmStubsPH2Z1_r_V   |     array    |
|vmStubsPH2Z1_pt_V_address0     | out |    6|  ap_memory |   vmStubsPH2Z1_pt_V  |     array    |
|vmStubsPH2Z1_pt_V_ce0          | out |    1|  ap_memory |   vmStubsPH2Z1_pt_V  |     array    |
|vmStubsPH2Z1_pt_V_we0          | out |    1|  ap_memory |   vmStubsPH2Z1_pt_V  |     array    |
|vmStubsPH2Z1_pt_V_d0           | out |    3|  ap_memory |   vmStubsPH2Z1_pt_V  |     array    |
|vmStubsPH2Z1_index_V_address0  | out |    6|  ap_memory | vmStubsPH2Z1_index_V |     array    |
|vmStubsPH2Z1_index_V_ce0       | out |    1|  ap_memory | vmStubsPH2Z1_index_V |     array    |
|vmStubsPH2Z1_index_V_we0       | out |    1|  ap_memory | vmStubsPH2Z1_index_V |     array    |
|vmStubsPH2Z1_index_V_d0        | out |    6|  ap_memory | vmStubsPH2Z1_index_V |     array    |
|vmStubsPH2Z1_real_address0     | out |    6|  ap_memory |   vmStubsPH2Z1_real  |     array    |
|vmStubsPH2Z1_real_ce0          | out |    1|  ap_memory |   vmStubsPH2Z1_real  |     array    |
|vmStubsPH2Z1_real_we0          | out |    1|  ap_memory |   vmStubsPH2Z1_real  |     array    |
|vmStubsPH2Z1_real_d0           | out |    1|  ap_memory |   vmStubsPH2Z1_real  |     array    |
|vmStubsPH3Z1_z_V_address0      | out |    6|  ap_memory |   vmStubsPH3Z1_z_V   |     array    |
|vmStubsPH3Z1_z_V_ce0           | out |    1|  ap_memory |   vmStubsPH3Z1_z_V   |     array    |
|vmStubsPH3Z1_z_V_we0           | out |    1|  ap_memory |   vmStubsPH3Z1_z_V   |     array    |
|vmStubsPH3Z1_z_V_d0            | out |    4|  ap_memory |   vmStubsPH3Z1_z_V   |     array    |
|vmStubsPH3Z1_phi_V_address0    | out |    6|  ap_memory |  vmStubsPH3Z1_phi_V  |     array    |
|vmStubsPH3Z1_phi_V_ce0         | out |    1|  ap_memory |  vmStubsPH3Z1_phi_V  |     array    |
|vmStubsPH3Z1_phi_V_we0         | out |    1|  ap_memory |  vmStubsPH3Z1_phi_V  |     array    |
|vmStubsPH3Z1_phi_V_d0          | out |    3|  ap_memory |  vmStubsPH3Z1_phi_V  |     array    |
|vmStubsPH3Z1_r_V_address0      | out |    6|  ap_memory |   vmStubsPH3Z1_r_V   |     array    |
|vmStubsPH3Z1_r_V_ce0           | out |    1|  ap_memory |   vmStubsPH3Z1_r_V   |     array    |
|vmStubsPH3Z1_r_V_we0           | out |    1|  ap_memory |   vmStubsPH3Z1_r_V   |     array    |
|vmStubsPH3Z1_r_V_d0            | out |    2|  ap_memory |   vmStubsPH3Z1_r_V   |     array    |
|vmStubsPH3Z1_pt_V_address0     | out |    6|  ap_memory |   vmStubsPH3Z1_pt_V  |     array    |
|vmStubsPH3Z1_pt_V_ce0          | out |    1|  ap_memory |   vmStubsPH3Z1_pt_V  |     array    |
|vmStubsPH3Z1_pt_V_we0          | out |    1|  ap_memory |   vmStubsPH3Z1_pt_V  |     array    |
|vmStubsPH3Z1_pt_V_d0           | out |    3|  ap_memory |   vmStubsPH3Z1_pt_V  |     array    |
|vmStubsPH3Z1_index_V_address0  | out |    6|  ap_memory | vmStubsPH3Z1_index_V |     array    |
|vmStubsPH3Z1_index_V_ce0       | out |    1|  ap_memory | vmStubsPH3Z1_index_V |     array    |
|vmStubsPH3Z1_index_V_we0       | out |    1|  ap_memory | vmStubsPH3Z1_index_V |     array    |
|vmStubsPH3Z1_index_V_d0        | out |    6|  ap_memory | vmStubsPH3Z1_index_V |     array    |
|vmStubsPH3Z1_real_address0     | out |    6|  ap_memory |   vmStubsPH3Z1_real  |     array    |
|vmStubsPH3Z1_real_ce0          | out |    1|  ap_memory |   vmStubsPH3Z1_real  |     array    |
|vmStubsPH3Z1_real_we0          | out |    1|  ap_memory |   vmStubsPH3Z1_real  |     array    |
|vmStubsPH3Z1_real_d0           | out |    1|  ap_memory |   vmStubsPH3Z1_real  |     array    |
|vmStubsPH4Z1_z_V_address0      | out |    6|  ap_memory |   vmStubsPH4Z1_z_V   |     array    |
|vmStubsPH4Z1_z_V_ce0           | out |    1|  ap_memory |   vmStubsPH4Z1_z_V   |     array    |
|vmStubsPH4Z1_z_V_we0           | out |    1|  ap_memory |   vmStubsPH4Z1_z_V   |     array    |
|vmStubsPH4Z1_z_V_d0            | out |    4|  ap_memory |   vmStubsPH4Z1_z_V   |     array    |
|vmStubsPH4Z1_phi_V_address0    | out |    6|  ap_memory |  vmStubsPH4Z1_phi_V  |     array    |
|vmStubsPH4Z1_phi_V_ce0         | out |    1|  ap_memory |  vmStubsPH4Z1_phi_V  |     array    |
|vmStubsPH4Z1_phi_V_we0         | out |    1|  ap_memory |  vmStubsPH4Z1_phi_V  |     array    |
|vmStubsPH4Z1_phi_V_d0          | out |    3|  ap_memory |  vmStubsPH4Z1_phi_V  |     array    |
|vmStubsPH4Z1_r_V_address0      | out |    6|  ap_memory |   vmStubsPH4Z1_r_V   |     array    |
|vmStubsPH4Z1_r_V_ce0           | out |    1|  ap_memory |   vmStubsPH4Z1_r_V   |     array    |
|vmStubsPH4Z1_r_V_we0           | out |    1|  ap_memory |   vmStubsPH4Z1_r_V   |     array    |
|vmStubsPH4Z1_r_V_d0            | out |    2|  ap_memory |   vmStubsPH4Z1_r_V   |     array    |
|vmStubsPH4Z1_pt_V_address0     | out |    6|  ap_memory |   vmStubsPH4Z1_pt_V  |     array    |
|vmStubsPH4Z1_pt_V_ce0          | out |    1|  ap_memory |   vmStubsPH4Z1_pt_V  |     array    |
|vmStubsPH4Z1_pt_V_we0          | out |    1|  ap_memory |   vmStubsPH4Z1_pt_V  |     array    |
|vmStubsPH4Z1_pt_V_d0           | out |    3|  ap_memory |   vmStubsPH4Z1_pt_V  |     array    |
|vmStubsPH4Z1_index_V_address0  | out |    6|  ap_memory | vmStubsPH4Z1_index_V |     array    |
|vmStubsPH4Z1_index_V_ce0       | out |    1|  ap_memory | vmStubsPH4Z1_index_V |     array    |
|vmStubsPH4Z1_index_V_we0       | out |    1|  ap_memory | vmStubsPH4Z1_index_V |     array    |
|vmStubsPH4Z1_index_V_d0        | out |    6|  ap_memory | vmStubsPH4Z1_index_V |     array    |
|vmStubsPH4Z1_real_address0     | out |    6|  ap_memory |   vmStubsPH4Z1_real  |     array    |
|vmStubsPH4Z1_real_ce0          | out |    1|  ap_memory |   vmStubsPH4Z1_real  |     array    |
|vmStubsPH4Z1_real_we0          | out |    1|  ap_memory |   vmStubsPH4Z1_real  |     array    |
|vmStubsPH4Z1_real_d0           | out |    1|  ap_memory |   vmStubsPH4Z1_real  |     array    |
|vmStubsPH1Z2_z_V_address0      | out |    6|  ap_memory |   vmStubsPH1Z2_z_V   |     array    |
|vmStubsPH1Z2_z_V_ce0           | out |    1|  ap_memory |   vmStubsPH1Z2_z_V   |     array    |
|vmStubsPH1Z2_z_V_we0           | out |    1|  ap_memory |   vmStubsPH1Z2_z_V   |     array    |
|vmStubsPH1Z2_z_V_d0            | out |    4|  ap_memory |   vmStubsPH1Z2_z_V   |     array    |
|vmStubsPH1Z2_phi_V_address0    | out |    6|  ap_memory |  vmStubsPH1Z2_phi_V  |     array    |
|vmStubsPH1Z2_phi_V_ce0         | out |    1|  ap_memory |  vmStubsPH1Z2_phi_V  |     array    |
|vmStubsPH1Z2_phi_V_we0         | out |    1|  ap_memory |  vmStubsPH1Z2_phi_V  |     array    |
|vmStubsPH1Z2_phi_V_d0          | out |    3|  ap_memory |  vmStubsPH1Z2_phi_V  |     array    |
|vmStubsPH1Z2_r_V_address0      | out |    6|  ap_memory |   vmStubsPH1Z2_r_V   |     array    |
|vmStubsPH1Z2_r_V_ce0           | out |    1|  ap_memory |   vmStubsPH1Z2_r_V   |     array    |
|vmStubsPH1Z2_r_V_we0           | out |    1|  ap_memory |   vmStubsPH1Z2_r_V   |     array    |
|vmStubsPH1Z2_r_V_d0            | out |    2|  ap_memory |   vmStubsPH1Z2_r_V   |     array    |
|vmStubsPH1Z2_pt_V_address0     | out |    6|  ap_memory |   vmStubsPH1Z2_pt_V  |     array    |
|vmStubsPH1Z2_pt_V_ce0          | out |    1|  ap_memory |   vmStubsPH1Z2_pt_V  |     array    |
|vmStubsPH1Z2_pt_V_we0          | out |    1|  ap_memory |   vmStubsPH1Z2_pt_V  |     array    |
|vmStubsPH1Z2_pt_V_d0           | out |    3|  ap_memory |   vmStubsPH1Z2_pt_V  |     array    |
|vmStubsPH1Z2_index_V_address0  | out |    6|  ap_memory | vmStubsPH1Z2_index_V |     array    |
|vmStubsPH1Z2_index_V_ce0       | out |    1|  ap_memory | vmStubsPH1Z2_index_V |     array    |
|vmStubsPH1Z2_index_V_we0       | out |    1|  ap_memory | vmStubsPH1Z2_index_V |     array    |
|vmStubsPH1Z2_index_V_d0        | out |    6|  ap_memory | vmStubsPH1Z2_index_V |     array    |
|vmStubsPH1Z2_real_address0     | out |    6|  ap_memory |   vmStubsPH1Z2_real  |     array    |
|vmStubsPH1Z2_real_ce0          | out |    1|  ap_memory |   vmStubsPH1Z2_real  |     array    |
|vmStubsPH1Z2_real_we0          | out |    1|  ap_memory |   vmStubsPH1Z2_real  |     array    |
|vmStubsPH1Z2_real_d0           | out |    1|  ap_memory |   vmStubsPH1Z2_real  |     array    |
|vmStubsPH2Z2_z_V_address0      | out |    6|  ap_memory |   vmStubsPH2Z2_z_V   |     array    |
|vmStubsPH2Z2_z_V_ce0           | out |    1|  ap_memory |   vmStubsPH2Z2_z_V   |     array    |
|vmStubsPH2Z2_z_V_we0           | out |    1|  ap_memory |   vmStubsPH2Z2_z_V   |     array    |
|vmStubsPH2Z2_z_V_d0            | out |    4|  ap_memory |   vmStubsPH2Z2_z_V   |     array    |
|vmStubsPH2Z2_phi_V_address0    | out |    6|  ap_memory |  vmStubsPH2Z2_phi_V  |     array    |
|vmStubsPH2Z2_phi_V_ce0         | out |    1|  ap_memory |  vmStubsPH2Z2_phi_V  |     array    |
|vmStubsPH2Z2_phi_V_we0         | out |    1|  ap_memory |  vmStubsPH2Z2_phi_V  |     array    |
|vmStubsPH2Z2_phi_V_d0          | out |    3|  ap_memory |  vmStubsPH2Z2_phi_V  |     array    |
|vmStubsPH2Z2_r_V_address0      | out |    6|  ap_memory |   vmStubsPH2Z2_r_V   |     array    |
|vmStubsPH2Z2_r_V_ce0           | out |    1|  ap_memory |   vmStubsPH2Z2_r_V   |     array    |
|vmStubsPH2Z2_r_V_we0           | out |    1|  ap_memory |   vmStubsPH2Z2_r_V   |     array    |
|vmStubsPH2Z2_r_V_d0            | out |    2|  ap_memory |   vmStubsPH2Z2_r_V   |     array    |
|vmStubsPH2Z2_pt_V_address0     | out |    6|  ap_memory |   vmStubsPH2Z2_pt_V  |     array    |
|vmStubsPH2Z2_pt_V_ce0          | out |    1|  ap_memory |   vmStubsPH2Z2_pt_V  |     array    |
|vmStubsPH2Z2_pt_V_we0          | out |    1|  ap_memory |   vmStubsPH2Z2_pt_V  |     array    |
|vmStubsPH2Z2_pt_V_d0           | out |    3|  ap_memory |   vmStubsPH2Z2_pt_V  |     array    |
|vmStubsPH2Z2_index_V_address0  | out |    6|  ap_memory | vmStubsPH2Z2_index_V |     array    |
|vmStubsPH2Z2_index_V_ce0       | out |    1|  ap_memory | vmStubsPH2Z2_index_V |     array    |
|vmStubsPH2Z2_index_V_we0       | out |    1|  ap_memory | vmStubsPH2Z2_index_V |     array    |
|vmStubsPH2Z2_index_V_d0        | out |    6|  ap_memory | vmStubsPH2Z2_index_V |     array    |
|vmStubsPH2Z2_real_address0     | out |    6|  ap_memory |   vmStubsPH2Z2_real  |     array    |
|vmStubsPH2Z2_real_ce0          | out |    1|  ap_memory |   vmStubsPH2Z2_real  |     array    |
|vmStubsPH2Z2_real_we0          | out |    1|  ap_memory |   vmStubsPH2Z2_real  |     array    |
|vmStubsPH2Z2_real_d0           | out |    1|  ap_memory |   vmStubsPH2Z2_real  |     array    |
|vmStubsPH3Z2_z_V_address0      | out |    6|  ap_memory |   vmStubsPH3Z2_z_V   |     array    |
|vmStubsPH3Z2_z_V_ce0           | out |    1|  ap_memory |   vmStubsPH3Z2_z_V   |     array    |
|vmStubsPH3Z2_z_V_we0           | out |    1|  ap_memory |   vmStubsPH3Z2_z_V   |     array    |
|vmStubsPH3Z2_z_V_d0            | out |    4|  ap_memory |   vmStubsPH3Z2_z_V   |     array    |
|vmStubsPH3Z2_phi_V_address0    | out |    6|  ap_memory |  vmStubsPH3Z2_phi_V  |     array    |
|vmStubsPH3Z2_phi_V_ce0         | out |    1|  ap_memory |  vmStubsPH3Z2_phi_V  |     array    |
|vmStubsPH3Z2_phi_V_we0         | out |    1|  ap_memory |  vmStubsPH3Z2_phi_V  |     array    |
|vmStubsPH3Z2_phi_V_d0          | out |    3|  ap_memory |  vmStubsPH3Z2_phi_V  |     array    |
|vmStubsPH3Z2_r_V_address0      | out |    6|  ap_memory |   vmStubsPH3Z2_r_V   |     array    |
|vmStubsPH3Z2_r_V_ce0           | out |    1|  ap_memory |   vmStubsPH3Z2_r_V   |     array    |
|vmStubsPH3Z2_r_V_we0           | out |    1|  ap_memory |   vmStubsPH3Z2_r_V   |     array    |
|vmStubsPH3Z2_r_V_d0            | out |    2|  ap_memory |   vmStubsPH3Z2_r_V   |     array    |
|vmStubsPH3Z2_pt_V_address0     | out |    6|  ap_memory |   vmStubsPH3Z2_pt_V  |     array    |
|vmStubsPH3Z2_pt_V_ce0          | out |    1|  ap_memory |   vmStubsPH3Z2_pt_V  |     array    |
|vmStubsPH3Z2_pt_V_we0          | out |    1|  ap_memory |   vmStubsPH3Z2_pt_V  |     array    |
|vmStubsPH3Z2_pt_V_d0           | out |    3|  ap_memory |   vmStubsPH3Z2_pt_V  |     array    |
|vmStubsPH3Z2_index_V_address0  | out |    6|  ap_memory | vmStubsPH3Z2_index_V |     array    |
|vmStubsPH3Z2_index_V_ce0       | out |    1|  ap_memory | vmStubsPH3Z2_index_V |     array    |
|vmStubsPH3Z2_index_V_we0       | out |    1|  ap_memory | vmStubsPH3Z2_index_V |     array    |
|vmStubsPH3Z2_index_V_d0        | out |    6|  ap_memory | vmStubsPH3Z2_index_V |     array    |
|vmStubsPH3Z2_real_address0     | out |    6|  ap_memory |   vmStubsPH3Z2_real  |     array    |
|vmStubsPH3Z2_real_ce0          | out |    1|  ap_memory |   vmStubsPH3Z2_real  |     array    |
|vmStubsPH3Z2_real_we0          | out |    1|  ap_memory |   vmStubsPH3Z2_real  |     array    |
|vmStubsPH3Z2_real_d0           | out |    1|  ap_memory |   vmStubsPH3Z2_real  |     array    |
|vmStubsPH4Z2_z_V_address0      | out |    6|  ap_memory |   vmStubsPH4Z2_z_V   |     array    |
|vmStubsPH4Z2_z_V_ce0           | out |    1|  ap_memory |   vmStubsPH4Z2_z_V   |     array    |
|vmStubsPH4Z2_z_V_we0           | out |    1|  ap_memory |   vmStubsPH4Z2_z_V   |     array    |
|vmStubsPH4Z2_z_V_d0            | out |    4|  ap_memory |   vmStubsPH4Z2_z_V   |     array    |
|vmStubsPH4Z2_phi_V_address0    | out |    6|  ap_memory |  vmStubsPH4Z2_phi_V  |     array    |
|vmStubsPH4Z2_phi_V_ce0         | out |    1|  ap_memory |  vmStubsPH4Z2_phi_V  |     array    |
|vmStubsPH4Z2_phi_V_we0         | out |    1|  ap_memory |  vmStubsPH4Z2_phi_V  |     array    |
|vmStubsPH4Z2_phi_V_d0          | out |    3|  ap_memory |  vmStubsPH4Z2_phi_V  |     array    |
|vmStubsPH4Z2_r_V_address0      | out |    6|  ap_memory |   vmStubsPH4Z2_r_V   |     array    |
|vmStubsPH4Z2_r_V_ce0           | out |    1|  ap_memory |   vmStubsPH4Z2_r_V   |     array    |
|vmStubsPH4Z2_r_V_we0           | out |    1|  ap_memory |   vmStubsPH4Z2_r_V   |     array    |
|vmStubsPH4Z2_r_V_d0            | out |    2|  ap_memory |   vmStubsPH4Z2_r_V   |     array    |
|vmStubsPH4Z2_pt_V_address0     | out |    6|  ap_memory |   vmStubsPH4Z2_pt_V  |     array    |
|vmStubsPH4Z2_pt_V_ce0          | out |    1|  ap_memory |   vmStubsPH4Z2_pt_V  |     array    |
|vmStubsPH4Z2_pt_V_we0          | out |    1|  ap_memory |   vmStubsPH4Z2_pt_V  |     array    |
|vmStubsPH4Z2_pt_V_d0           | out |    3|  ap_memory |   vmStubsPH4Z2_pt_V  |     array    |
|vmStubsPH4Z2_index_V_address0  | out |    6|  ap_memory | vmStubsPH4Z2_index_V |     array    |
|vmStubsPH4Z2_index_V_ce0       | out |    1|  ap_memory | vmStubsPH4Z2_index_V |     array    |
|vmStubsPH4Z2_index_V_we0       | out |    1|  ap_memory | vmStubsPH4Z2_index_V |     array    |
|vmStubsPH4Z2_index_V_d0        | out |    6|  ap_memory | vmStubsPH4Z2_index_V |     array    |
|vmStubsPH4Z2_real_address0     | out |    6|  ap_memory |   vmStubsPH4Z2_real  |     array    |
|vmStubsPH4Z2_real_ce0          | out |    1|  ap_memory |   vmStubsPH4Z2_real  |     array    |
|vmStubsPH4Z2_real_we0          | out |    1|  ap_memory |   vmStubsPH4Z2_real  |     array    |
|vmStubsPH4Z2_real_d0           | out |    1|  ap_memory |   vmStubsPH4Z2_real  |     array    |
|nStubs                         |  in |   32|   ap_none  |        nStubs        |    scalar    |
+-------------------------------+-----+-----+------------+----------------------+--------------+

